  正在确定要还原的项目…
C:\Program Files\dotnet\sdk\10.0.100\Sdks\Microsoft.NET.Sdk\targets\Microsoft.NET.EolTargetFrameworks.targets(32,5): warning NETSDK1138: 目标框架“net6.0-windows7.0”不受支持，将来不会收到安全更新。有关支持策略的详细信息，请参阅 https://aka.ms/dotnet-core-support。 [C:\Users\31438\Desktop\ShotSkiMahiD\ShotSkiMahiD.csproj]
  已还原 C:\Users\31438\Desktop\ShotSkiMahiD\ShotSkiMahiD.csproj (用时 207 毫秒)。
C:\Program Files\dotnet\sdk\10.0.100\Sdks\Microsoft.NET.Sdk\targets\Microsoft.NET.EolTargetFrameworks.targets(32,5): warning NETSDK1138: 目标框架“net6.0-windows7.0”不受支持，将来不会收到安全更新。有关支持策略的详细信息，请参阅 https://aka.ms/dotnet-core-support。 [C:\Users\31438\Desktop\ShotSkiMahiD\ShotSkiMahiD.csproj]
  ShotSkiMahiD -> C:\Users\31438\Desktop\ShotSkiMahiD\bin\Debug\net6.0-windows7.0\ShotSkiMahiD.dll

已成功生成。

C:\Program Files\dotnet\sdk\10.0.100\Sdks\Microsoft.NET.Sdk\targets\Microsoft.NET.EolTargetFrameworks.targets(32,5): warning NETSDK1138: 目标框架“net6.0-windows7.0”不受支持，将来不会收到安全更新。有关支持策略的详细信息，请参阅 https://aka.ms/dotnet-core-support。 [C:\Users\31438\Desktop\ShotSkiMahiD\ShotSkiMahiD.csproj]
C:\Program Files\dotnet\sdk\10.0.100\Sdks\Microsoft.NET.Sdk\targets\Microsoft.NET.EolTargetFrameworks.targets(32,5): warning NETSDK1138: 目标框架“net6.0-windows7.0”不受支持，将来不会收到安全更新。有关支持策略的详细信息，请参阅 https://aka.ms/dotnet-core-support。 [C:\Users\31438\Desktop\ShotSkiMahiD\ShotSkiMahiD.csproj]
    2 个警告
    0 个错误

已用时间 00:00:05.36
